[SESSION LOGS - Current Session v16 Google Drive Fix]
========================================================

Timestamp: 2026-07-14T19:02:33.008Z - 2026-07-14T19:13:21.045Z
Environment: Development
Project: Chime UI v16 (Google Drive Connection Fix)

KEY EVENTS:
1. [19:02:32] Dependencies installed with pnpm v10.34.3 (lockfile up to date)
2. [19:02:33] Dependencies installation completed in 691ms
3. [19:02:33] vm:files_synced - Project files synchronized
4. [19:02:46] First GET / request - 200 status, 267ms
5. [19:02:46] Repeat GET / - 200 status, 36ms
6. [19:02:57] Environment reload - .env.development.local
7. [19:02:57] Dev server requests - 200 status codes
8. [19:03:42-19:13:21] Multiple reload cycles with consistent 200 responses

PERFORMANCE NOTES:
- Hot Module Replacement working (< 100ms recompiles)
- Proxy responses: 3-59ms
- Application code: 16-200ms
- Total response times: 20-270ms (normal for development)

COMPILATION:
- ✓ Compiled in 75ms (19:07:59)
- No build errors
- No failed compilations

CLIENT LOGS:
- React DevTools recommendation displayed
- No client-side errors or warnings

ENVIRONMENT VARIABLES:
- .env.development.local loaded and reloaded correctly
- No missing required environment variables reported

STATUS: All systems operational in current session
